// Jest Snapshot v1, https://goo.gl/fbAQLP

exports[`renders 1`] = `
<DocumentFragment>
  <div
    class="form"
  >
    <form>
      <h2>
        Create Account
      </h2>
      <input
        name="email"
        placeholder="Your Email"
        required=""
        type="email"
        value=""
      />
      <input
        name="password"
        placeholder="Password"
        required=""
        type="password"
        value=""
      />
      <input
        name="passwordConfirmation"
        placeholder="Password confirmation"
        required=""
        type="password"
        value=""
      />
      <button
        type="submit"
      >
        Register
      </button>
    </form>
  </div>
</DocumentFragment>
`;
